WARNING - fill_voice_mlth - measure='5' voice='11' staff='violin:11,12,13,14,15,16' measure_meter_value='0.5' nl='0.875' x='1680'
  File /tmp/b-6.staff.txt Line 179
                  - 'input:  179:measure 6     $$ 6th'
                  - 'input:  179:measure 6'
                  - 'line:  measure 6'
WARNING - fill_voice_mlth - measure='5' voice='12' staff='violin:11,12,13,14,15,16' measure_meter_value='0.5' nl='0.875' x='1680'
  File /tmp/b-6.staff.txt Line 179
                  - 'input:  179:measure 6     $$ 6th'
                  - 'input:  179:measure 6'
                  - 'line:  measure 6'
WARNING - fill_voice_mlth - measure='5' voice='13' staff='violin:11,12,13,14,15,16' measure_meter_value='0.5' nl='0.875' x='1680'
  File /tmp/b-6.staff.txt Line 179
                  - 'input:  179:measure 6     $$ 6th'
                  - 'input:  179:measure 6'
                  - 'line:  measure 6'
WARNING - fill_voice_mlth - measure='5' voice='14' staff='violin:11,12,13,14,15,16' measure_meter_value='0.5' nl='0.875' x='1680'
  File /tmp/b-6.staff.txt Line 179
                  - 'input:  179:measure 6     $$ 6th'
                  - 'input:  179:measure 6'
                  - 'line:  measure 6'
WARNING - fill_voice_mlth - measure='5' voice='15' staff='violin:11,12,13,14,15,16' measure_meter_value='0.5' nl='0.875' x='1680'
  File /tmp/b-6.staff.txt Line 179
                  - 'input:  179:measure 6     $$ 6th'
                  - 'input:  179:measure 6'
                  - 'line:  measure 6'
WARNING - fill_voice_mlth - measure='5' voice='16' staff='violin:11,12,13,14,15,16' measure_meter_value='0.5' nl='0.875' x='1680'
  File /tmp/b-6.staff.txt Line 179
                  - 'input:  179:measure 6     $$ 6th'
                  - 'input:  179:measure 6'
                  - 'line:  measure 6'
ERROR - m:9 v11: cresc/dimin False (90,1.0) going down or already at 100
  File /tmp/b-6.staff.txt Line 215
                  - 'input:  215:violin: [cresc(f,1.0)3a4l,r2,r2,cresc(f,1.0)3c4l,r2,r2] [ 4c4, 3f4]'
                  - 'line:  violin: [cresc(f,1.0)3a4l,r2,r2,cresc(f,1.0)3c4l,r2,r2] [ 4c4, 3f4]'
ERROR - m:9 v14: cresc/dimin False (90,1.0) going down or already at 100
  File /tmp/b-6.staff.txt Line 215
                  - 'input:  215:violin: [cresc(f,1.0)3a4l,r2,r2,cresc(f,1.0)3c4l,r2,r2] [ 4c4, 3f4]'
                  - 'line:  violin: [cresc(f,1.0)3a4l,r2,r2,cresc(f,1.0)3c4l,r2,r2] [ 4c4, 3f4]'
ERROR - m:9 v17: cresc/dimin False (90,1.0) going down or already at 100
  File /tmp/b-6.staff.txt Line 216
                  - 'input:  216:viola: [cresc(f,1.0)2f4l,r2,r2]  3c4'
                  - 'line:  viola: [cresc(f,1.0)2f4l,r2,r2]  3c4'
ERROR - m:9 v20: cresc/dimin False (90,1.0) going down or already at 100
  File /tmp/b-6.staff.txt Line 217
                  - 'input:  217:cello: cresc(f,1.0)2f4l  2a4l'
                  - 'line:  cello: cresc(f,1.0)2f4l  2a4l'
WARNING - fill_voice_mlth - measure='147' voice='5' staff='clarinet:5,6' measure_meter_value='0.5' nl='0.875' x='1680'
  File /tmp/b-6.staff.txt Line 2203
                  - 'input: 2203:measure 148     $$ 6th'
                  - 'input: 2203:measure 148'
                  - 'line:  measure 148'
WARNING - fill_voice_mlth - measure='147' voice='6' staff='clarinet:5,6' measure_meter_value='0.5' nl='0.875' x='1680'
  File /tmp/b-6.staff.txt Line 2203
                  - 'input: 2203:measure 148     $$ 6th'
                  - 'input: 2203:measure 148'
                  - 'line:  measure 148'
WARNING - fill_voice_mlth - measure='149' voice='5' staff='clarinet:5,6' measure_meter_value='0.5' nl='0.875' x='1680'
  File /tmp/b-6.staff.txt Line 2223
                  - 'input: 2223:measure 150     $$ 8th'
                  - 'input: 2223:measure 150'
                  - 'line:  measure 150'
WARNING - fill_voice_mlth - measure='149' voice='6' staff='clarinet:5,6' measure_meter_value='0.5' nl='0.875' x='1680'
  File /tmp/b-6.staff.txt Line 2223
                  - 'input: 2223:measure 150     $$ 8th'
                  - 'input: 2223:measure 150'
                  - 'line:  measure 150'
WARNING - fill_voice_mlth - measure='310' voice='5' staff='clarinet:5,6' measure_meter_value='0.5' nl='0.875' x='1680'
  File /tmp/b-6.staff.txt Line 4286
                  - 'input: 4286:measure 311     $$ 8th'
                  - 'input: 4286:measure 311'
                  - 'line:  measure 311'
WARNING - fill_voice_mlth - measure='310' voice='6' staff='clarinet:5,6' measure_meter_value='0.5' nl='0.875' x='1680'
  File /tmp/b-6.staff.txt Line 4286
                  - 'input: 4286:measure 311     $$ 8th'
                  - 'input: 4286:measure 311'
                  - 'line:  measure 311'
WARNING - fill_voice_mlth - measure='310' voice='7' staff='bassoon:7,8' measure_meter_value='0.5' nl='0.875' x='1680'
  File /tmp/b-6.staff.txt Line 4286
                  - 'input: 4286:measure 311     $$ 8th'
                  - 'input: 4286:measure 311'
                  - 'line:  measure 311'
WARNING - fill_voice_mlth - measure='310' voice='8' staff='bassoon:7,8' measure_meter_value='0.5' nl='0.875' x='1680'
  File /tmp/b-6.staff.txt Line 4286
                  - 'input: 4286:measure 311     $$ 8th'
                  - 'input: 4286:measure 311'
                  - 'line:  measure 311'
WARNING - fill_voice_mlth - measure='418' voice='5' staff='clarinet:5,6' measure_meter_value='0.5' nl='0.875' x='1680'
  File /tmp/b-6.staff.txt Line 5774
                  - 'input: 5774:measure 419     $$ 2nd'
                  - 'input: 5774:measure 419'
                  - 'line:  measure 419'
WARNING - fill_voice_mlth - measure='418' voice='6' staff='clarinet:5,6' measure_meter_value='0.5' nl='0.875' x='1680'
  File /tmp/b-6.staff.txt Line 5774
                  - 'input: 5774:measure 419     $$ 2nd'
                  - 'input: 5774:measure 419'
                  - 'line:  measure 419'
WARNING - fill_voice_mlth - measure='420' voice='5' staff='clarinet:5,6' measure_meter_value='0.5' nl='0.875' x='1680'
  File /tmp/b-6.staff.txt Line 5794
                  - 'input: 5794:measure 421     $$ 4th'
                  - 'input: 5794:measure 421'
                  - 'line:  measure 421'
WARNING - fill_voice_mlth - measure='420' voice='6' staff='clarinet:5,6' measure_meter_value='0.5' nl='0.875' x='1680'
  File /tmp/b-6.staff.txt Line 5794
                  - 'input: 5794:measure 421     $$ 4th'
                  - 'input: 5794:measure 421'
                  - 'line:  measure 421'
ERROR - voice voice='3' staff='oboe:3,4' measure 148 - tied note #1 (75, 4d+) is not same as '' note?
ERROR - voice voice='3' staff='oboe:3,4' measure 150 - tied note #1 (75, 4d+) is not same as '' note?
ERROR - voice voice='3' staff='oboe:3,4' measure 419 - tied note #1 (75, 4d+) is not same as '' note?
ERROR - voice voice='3' staff='oboe:3,4' measure 421 - tied note #1 (75, 4d+) is not same as '' note?
ERROR - voice voice='4' staff='oboe:3,4' measure 148 - tied note #1 (69, 3a) is not same as '' note?
ERROR - voice voice='4' staff='oboe:3,4' measure 150 - tied note #1 (69, 3a) is not same as '' note?
ERROR - voice voice='4' staff='oboe:3,4' measure 419 - tied note #1 (69, 3a) is not same as '' note?
ERROR - voice voice='4' staff='oboe:3,4' measure 421 - tied note #1 (69, 3a) is not same as '' note?
ERROR - voice voice='7' staff='bassoon:7,8' measure 148 - tied note #1 (63, 3d+) is not same as '' note?
ERROR - voice voice='7' staff='bassoon:7,8' measure 150 - tied note #1 (63, 3d+) is not same as '' note?
ERROR - voice voice='7' staff='bassoon:7,8' measure 419 - tied note #1 (63, 3d+) is not same as '' note?
ERROR - voice voice='7' staff='bassoon:7,8' measure 421 - tied note #1 (63, 3d+) is not same as '' note?
ERROR - voice voice='8' staff='bassoon:7,8' measure 148 - tied note #1 (60, 3c) is not same as '' note?
ERROR - voice voice='8' staff='bassoon:7,8' measure 150 - tied note #1 (60, 3c) is not same as '' note?
ERROR - voice voice='8' staff='bassoon:7,8' measure 419 - tied note #1 (60, 3c) is not same as '' note?
ERROR - voice voice='8' staff='bassoon:7,8' measure 421 - tied note #1 (60, 3c) is not same as '' note?
ERROR - voice voice='9' staff='french_horn:9,10' measure 148 - tied note #1 (41, 1f) is not same as '' note?
ERROR - voice voice='9' staff='french_horn:9,10' measure 150 - tied note #1 (41, 1f) is not same as '' note?
ERROR - voice voice='9' staff='french_horn:9,10' measure 419 - tied note #1 (41, 1f) is not same as '' note?
ERROR - voice voice='9' staff='french_horn:9,10' measure 421 - tied note #1 (41, 1f) is not same as '' note?
ERROR - voice voice='10' staff='french_horn:9,10' measure 148 - tied note #1 (29, 0f) is not same as '' note?
ERROR - voice voice='10' staff='french_horn:9,10' measure 150 - tied note #1 (29, 0f) is not same as '' note?
ERROR - voice voice='10' staff='french_horn:9,10' measure 419 - tied note #1 (29, 0f) is not same as '' note?
ERROR - voice voice='10' staff='french_horn:9,10' measure 421 - tied note #1 (29, 0f) is not same as '' note?
WARNING - legato into a rest voice=voice='11' staff='violin:11,12,13,14,15,16' m='6' n#1='0'
  File /tmp/b-6.staff.txt Line 7066
                  - 'input: 7066:cstop*'
                  - 'line:  print_out_midi1csv_notes'
WARNING - legato into a rest voice=voice='11' staff='violin:11,12,13,14,15,16' m='6' n#1='0'
  File /tmp/b-6.staff.txt Line 7066
                  - 'input: 7066:cstop*'
                  - 'line:  print_out_midi1csv_notes'
WARNING - legato into a rest voice=voice='17' staff='viola:17,18,19' m='5' n#3='0'
  File /tmp/b-6.staff.txt Line 7066
                  - 'input: 7066:cstop*'
                  - 'line:  print_out_midi1csv_notes'
WARNING - legato into a rest voice=voice='17' staff='viola:17,18,19' m='5' n#3='0'
  File /tmp/b-6.staff.txt Line 7066
                  - 'input: 7066:cstop*'
                  - 'line:  print_out_midi1csv_notes'
ERROR - voice voice='20' staff='cello:20' measure 6 - tied note #1 (41, 1f) is not same as '' note?
ERROR - voice voice='20' staff='cello:20' measure 6 - tied note #1 (41, 1f) is not same as '' note?
Warnings occurred: 22
Errors occurred: 4
